2026-09-30 11:33:39 hotkey 'Ctrl+Alt+M' could not be registered (invalid or used by another program)
2026-09-30 11:33:39 start: wheel click ON, hotkey none, hold limit 5 s (60 s in blender)
2026-09-30 11:33:44 wheel click OFF (колесо зажато 5 с)
2026-09-30 11:34:09 start: wheel click OFF, hotkey Ctrl+Alt+W, hold limit 5 s (60 s in blender)
2026-09-30 11:34:09 mouse hook reinstalled
2026-09-30 11:34:35 start: wheel click OFF, hotkey Ctrl+Alt+W, hold limit 5 s (60 s in blender)
2026-09-30 11:34:35 mouse hook reinstalled
2026-09-30 11:34:55 start: wheel click OFF, hotkey Ctrl+Alt+W, hold limit 5 s (60 s in blender)
2026-09-30 11:35:50 wheel click ON (вручную), blocked presses while off: 56
2026-09-30 11:36:56 wheel click OFF (колесо зажато 5 с)
2026-09-30 11:38:18 wheel click ON (вручную), blocked presses while off: 352
2026-09-30 11:38:58 wheel click OFF (вручную)
2026-09-30 11:43:14 wheel click ON (вручную), blocked presses while off: 301
2026-09-30 11:43:43 wheel click OFF (вручную)
2026-09-30 11:43:52 start: wheel click OFF, hotkey Ctrl+Alt+W, hold limit 5 s (60 s in blender)
2026-09-30 11:45:00 wheel click ON (вручную), blocked presses while off: 16
2026-09-30 11:46:54 start: wheel click ON, hotkey Ctrl+Alt+W, hold limit 5 s (60 s in blender)
2026-09-30 11:46:57 exit
2026-09-30 11:47:38 start: wheel click ON, hotkey Ctrl+Alt+W, hold limit 5 s (60 s in blender)
2026-09-30 11:48:30 wheel click OFF (вручную)
2026-09-30 11:48:39 wheel click ON (вручную), blocked presses while off: 41
2026-09-30 11:58:08 wheel click OFF (колесо зажато 5 с)
2026-09-30 11:58:53 wheel click ON (вручную), blocked presses while off: 11
